Archive member included to satisfy reference by file (symbol)

c:/users/davef/programs/avr8-gnu-toolchain-win32_x86_64/bin/../lib/gcc/avr/7.3.0/avr25/tiny-stack\libgcc.a(_exit.o)
                              c:/users/davef/programs/avr8-gnu-toolchain-win32_x86_64/bin/../lib/gcc/avr/7.3.0/../../../../avr/lib/avr25/tiny-stack/crtattiny13a.o (exit)

Discarded input sections

 .data          0x0000000000000000        0x0 c:/users/davef/programs/avr8-gnu-toolchain-win32_x86_64/bin/../lib/gcc/avr/7.3.0/../../../../avr/lib/avr25/tiny-stack/crtattiny13a.o
 .bss           0x0000000000000000        0x0 c:/users/davef/programs/avr8-gnu-toolchain-win32_x86_64/bin/../lib/gcc/avr/7.3.0/../../../../avr/lib/avr25/tiny-stack/crtattiny13a.o
 .text          0x0000000000000000        0x0 blinkLED.o
 .data          0x0000000000000000        0x0 blinkLED.o
 .bss           0x0000000000000000        0x0 blinkLED.o
 .text          0x0000000000000000        0x0 c:/users/davef/programs/avr8-gnu-toolchain-win32_x86_64/bin/../lib/gcc/avr/7.3.0/avr25/tiny-stack\libgcc.a(_exit.o)
 .data          0x0000000000000000        0x0 c:/users/davef/programs/avr8-gnu-toolchain-win32_x86_64/bin/../lib/gcc/avr/7.3.0/avr25/tiny-stack\libgcc.a(_exit.o)
 .bss           0x0000000000000000        0x0 c:/users/davef/programs/avr8-gnu-toolchain-win32_x86_64/bin/../lib/gcc/avr/7.3.0/avr25/tiny-stack\libgcc.a(_exit.o)
 .text.libgcc.mul
                0x0000000000000000        0x0 c:/users/davef/programs/avr8-gnu-toolchain-win32_x86_64/bin/../lib/gcc/avr/7.3.0/avr25/tiny-stack\libgcc.a(_exit.o)
 .text.libgcc.div
                0x0000000000000000        0x0 c:/users/davef/programs/avr8-gnu-toolchain-win32_x86_64/bin/../lib/gcc/avr/7.3.0/avr25/tiny-stack\libgcc.a(_exit.o)
 .text.libgcc   0x0000000000000000        0x0 c:/users/davef/programs/avr8-gnu-toolchain-win32_x86_64/bin/../lib/gcc/avr/7.3.0/avr25/tiny-stack\libgcc.a(_exit.o)
 .text.libgcc.prologue
                0x0000000000000000        0x0 c:/users/davef/programs/avr8-gnu-toolchain-win32_x86_64/bin/../lib/gcc/avr/7.3.0/avr25/tiny-stack\libgcc.a(_exit.o)
 .text.libgcc.builtins
                0x0000000000000000        0x0 c:/users/davef/programs/avr8-gnu-toolchain-win32_x86_64/bin/../lib/gcc/avr/7.3.0/avr25/tiny-stack\libgcc.a(_exit.o)
 .text.libgcc.fmul
                0x0000000000000000        0x0 c:/users/davef/programs/avr8-gnu-toolchain-win32_x86_64/bin/../lib/gcc/avr/7.3.0/avr25/tiny-stack\libgcc.a(_exit.o)
 .text.libgcc.fixed
                0x0000000000000000        0x0 c:/users/davef/programs/avr8-gnu-toolchain-win32_x86_64/bin/../lib/gcc/avr/7.3.0/avr25/tiny-stack\libgcc.a(_exit.o)

Memory Configuration

Name             Origin             Length             Attributes
text             0x0000000000000000 0x0000000000000400 xr
data             0x0000000000800060 0x0000000000000040 rw !x
eeprom           0x0000000000810000 0x0000000000000040 rw !x
fuse             0x0000000000820000 0x0000000000000002 rw !x
lock             0x0000000000830000 0x0000000000000400 rw !x
signature        0x0000000000840000 0x0000000000000400 rw !x
user_signatures  0x0000000000850000 0x0000000000000400 rw !x
*default*        0x0000000000000000 0xffffffffffffffff

Linker script and memory map

LOAD c:/users/davef/programs/avr8-gnu-toolchain-win32_x86_64/bin/../lib/gcc/avr/7.3.0/../../../../avr/lib/avr25/tiny-stack/crtattiny13a.o
LOAD blinkLED.o
START GROUP
LOAD c:/users/davef/programs/avr8-gnu-toolchain-win32_x86_64/bin/../lib/gcc/avr/7.3.0/avr25/tiny-stack\libgcc.a
LOAD c:/users/davef/programs/avr8-gnu-toolchain-win32_x86_64/bin/../lib/gcc/avr/7.3.0/../../../../avr/lib/avr25/tiny-stack\libm.a
LOAD c:/users/davef/programs/avr8-gnu-toolchain-win32_x86_64/bin/../lib/gcc/avr/7.3.0/../../../../avr/lib/avr25/tiny-stack\libc.a
LOAD c:/users/davef/programs/avr8-gnu-toolchain-win32_x86_64/bin/../lib/gcc/avr/7.3.0/../../../../avr/lib/avr25/tiny-stack\libattiny13a.a
END GROUP
                0x0000000000000000                __TEXT_REGION_ORIGIN__ = DEFINED (__TEXT_REGION_ORIGIN__)?__TEXT_REGION_ORIGIN__:0x0
                [0x0000000000800060]                __DATA_REGION_ORIGIN__ = DEFINED (__DATA_REGION_ORIGIN__)?__DATA_REGION_ORIGIN__:0x800060
                [0x0000000000000400]                __TEXT_REGION_LENGTH__ = DEFINED (__TEXT_REGION_LENGTH__)?__TEXT_REGION_LENGTH__:0x2000
                [0x0000000000000040]                __DATA_REGION_LENGTH__ = DEFINED (__DATA_REGION_LENGTH__)?__DATA_REGION_LENGTH__:0xffa0
                [0x0000000000000040]                __EEPROM_REGION_LENGTH__ = DEFINED (__EEPROM_REGION_LENGTH__)?__EEPROM_REGION_LENGTH__:0x10000
                [0x0000000000000002]                __FUSE_REGION_LENGTH__ = DEFINED (__FUSE_REGION_LENGTH__)?__FUSE_REGION_LENGTH__:0x400
                0x0000000000000400                __LOCK_REGION_LENGTH__ = DEFINED (__LOCK_REGION_LENGTH__)?__LOCK_REGION_LENGTH__:0x400
                0x0000000000000400                __SIGNATURE_REGION_LENGTH__ = DEFINED (__SIGNATURE_REGION_LENGTH__)?__SIGNATURE_REGION_LENGTH__:0x400
                0x0000000000000400                __USER_SIGNATURE_REGION_LENGTH__ = DEFINED (__USER_SIGNATURE_REGION_LENGTH__)?__USER_SIGNATURE_REGION_LENGTH__:0x400

.hash
 *(.hash)

.dynsym
 *(.dynsym)

.dynstr
 *(.dynstr)

.gnu.version
 *(.gnu.version)

.gnu.version_d
 *(.gnu.version_d)

.gnu.version_r
 *(.gnu.version_r)

.rel.init
 *(.rel.init)

.rela.init
 *(.rela.init)

.rel.text
 *(.rel.text)
 *(.rel.text.*)
 *(.rel.gnu.linkonce.t*)

.rela.text
 *(.rela.text)
 *(.rela.text.*)
 *(.rela.gnu.linkonce.t*)

.rel.fini
 *(.rel.fini)

.rela.fini
 *(.rela.fini)

.rel.rodata
 *(.rel.rodata)
 *(.rel.rodata.*)
 *(.rel.gnu.linkonce.r*)

.rela.rodata
 *(.rela.rodata)
 *(.rela.rodata.*)
 *(.rela.gnu.linkonce.r*)

.rel.data
 *(.rel.data)
 *(.rel.data.*)
 *(.rel.gnu.linkonce.d*)

.rela.data
 *(.rela.data)
 *(.rela.data.*)
 *(.rela.gnu.linkonce.d*)

.rel.ctors
 *(.rel.ctors)

.rela.ctors
 *(.rela.ctors)

.rel.dtors
 *(.rel.dtors)

.rela.dtors
 *(.rela.dtors)

.rel.got
 *(.rel.got)

.rela.got
 *(.rela.got)

.rel.bss
 *(.rel.bss)

.rela.bss
 *(.rela.bss)

.rel.plt
 *(.rel.plt)

.rela.plt
 *(.rela.plt)

.text           0x0000000000000000       0x54
 *(.vectors)
 .vectors       0x0000000000000000       0x14 c:/users/davef/programs/avr8-gnu-toolchain-win32_x86_64/bin/../lib/gcc/avr/7.3.0/../../../../avr/lib/avr25/tiny-stack/crtattiny13a.o
                0x0000000000000000                __vector_default
                0x0000000000000000                __vectors
 *(.vectors)
 *(.progmem.gcc*)
                0x0000000000000014                . = ALIGN (0x2)
                0x0000000000000014                __trampolines_start = .
 *(.trampolines)
 .trampolines   0x0000000000000014        0x0 linker stubs
 *(.trampolines*)
                0x0000000000000014                __trampolines_end = .
 *libprintf_flt.a:*(.progmem.data)
 *libc.a:*(.progmem.data)
 *(.progmem*)
                0x0000000000000014                . = ALIGN (0x2)
 *(.jumptables)
 *(.jumptables*)
 *(.lowtext)
 *(.lowtext*)
                0x0000000000000014                __ctors_start = .
 *(.ctors)
                0x0000000000000014                __ctors_end = .
                0x0000000000000014                __dtors_start = .
 *(.dtors)
                0x0000000000000014                __dtors_end = .
 SORT(*)(.ctors)
 SORT(*)(.dtors)
 *(.init0)
 .init0         0x0000000000000014        0x0 c:/users/davef/programs/avr8-gnu-toolchain-win32_x86_64/bin/../lib/gcc/avr/7.3.0/../../../../avr/lib/avr25/tiny-stack/crtattiny13a.o
                0x0000000000000014                __init
 *(.init0)
 *(.init1)
 *(.init1)
 *(.init2)
 .init2         0x0000000000000014        0x8 c:/users/davef/programs/avr8-gnu-toolchain-win32_x86_64/bin/../lib/gcc/avr/7.3.0/../../../../avr/lib/avr25/tiny-stack/crtattiny13a.o
 *(.init2)
 *(.init3)
 *(.init3)
 *(.init4)
 *(.init4)
 *(.init5)
 *(.init5)
 *(.init6)
 *(.init6)
 *(.init7)
 *(.init7)
 *(.init8)
 *(.init8)
 *(.init9)
 .init9         0x000000000000001c        0x4 c:/users/davef/programs/avr8-gnu-toolchain-win32_x86_64/bin/../lib/gcc/avr/7.3.0/../../../../avr/lib/avr25/tiny-stack/crtattiny13a.o
 *(.init9)
 *(.text)
 .text          0x0000000000000020        0x2 c:/users/davef/programs/avr8-gnu-toolchain-win32_x86_64/bin/../lib/gcc/avr/7.3.0/../../../../avr/lib/avr25/tiny-stack/crtattiny13a.o
                0x0000000000000020                __vector_1
                0x0000000000000020                __bad_interrupt
                0x0000000000000020                __vector_6
                0x0000000000000020                __vector_3
                0x0000000000000020                __vector_7
                0x0000000000000020                __vector_5
                0x0000000000000020                __vector_4
                0x0000000000000020                __vector_9
                0x0000000000000020                __vector_2
                0x0000000000000020                __vector_8
                0x0000000000000022                . = ALIGN (0x2)
 *(.text.*)
 .text.startup.main
                0x0000000000000022       0x2e blinkLED.o
                0x0000000000000022                main
                0x0000000000000050                . = ALIGN (0x2)
 *(.fini9)
 .fini9         0x0000000000000050        0x0 c:/users/davef/programs/avr8-gnu-toolchain-win32_x86_64/bin/../lib/gcc/avr/7.3.0/avr25/tiny-stack\libgcc.a(_exit.o)
                0x0000000000000050                _exit
                0x0000000000000050                exit
 *(.fini9)
 *(.fini8)
 *(.fini8)
 *(.fini7)
 *(.fini7)
 *(.fini6)
 *(.fini6)
 *(.fini5)
 *(.fini5)
 *(.fini4)
 *(.fini4)
 *(.fini3)
 *(.fini3)
 *(.fini2)
 *(.fini2)
 *(.fini1)
 *(.fini1)
 *(.fini0)
 .fini0         0x0000000000000050        0x4 c:/users/davef/programs/avr8-gnu-toolchain-win32_x86_64/bin/../lib/gcc/avr/7.3.0/avr25/tiny-stack\libgcc.a(_exit.o)
 *(.fini0)
                0x0000000000000054                _etext = .

.data           0x0000000000800060        0x0 load address 0x0000000000000054
                [!provide]                        PROVIDE (__data_start, .)
 *(.data)
 *(.data*)
 *(.gnu.linkonce.d*)
 *(.rodata)
 *(.rodata*)
 *(.gnu.linkonce.r*)
                0x0000000000800060                . = ALIGN (0x2)
                0x0000000000800060                _edata = .
                [!provide]                        PROVIDE (__data_end, .)

.bss            0x0000000000800060        0x0
                [!provide]                        PROVIDE (__bss_start, .)
 *(.bss)
 *(.bss*)
 *(COMMON)
                [!provide]                        PROVIDE (__bss_end, .)
                0x0000000000000054                __data_load_start = LOADADDR (.data)
                0x0000000000000054                __data_load_end = (__data_load_start + SIZEOF (.data))

.noinit         0x0000000000800060        0x0
                [!provide]                        PROVIDE (__noinit_start, .)
 *(.noinit*)
                [!provide]                        PROVIDE (__noinit_end, .)
                0x0000000000800060                _end = .
                [!provide]                        PROVIDE (__heap_start, .)

.eeprom         0x0000000000810000        0x0
 *(.eeprom*)
                0x0000000000810000                __eeprom_end = .

.fuse
 *(.fuse)
 *(.lfuse)
 *(.hfuse)
 *(.efuse)

.lock
 *(.lock*)

.signature
 *(.signature*)

.user_signatures
 *(.user_signatures*)

.stab
 *(.stab)

.stabstr
 *(.stabstr)

.stab.excl
 *(.stab.excl)

.stab.exclstr
 *(.stab.exclstr)

.stab.index
 *(.stab.index)

.stab.indexstr
 *(.stab.indexstr)

.comment        0x0000000000000000       0x30
 *(.comment)
 .comment       0x0000000000000000       0x30 blinkLED.o
                                         0x31 (size before relaxing)

.note.gnu.avr.deviceinfo
                0x0000000000000000       0x3c
 .note.gnu.avr.deviceinfo
                0x0000000000000000       0x3c c:/users/davef/programs/avr8-gnu-toolchain-win32_x86_64/bin/../lib/gcc/avr/7.3.0/../../../../avr/lib/avr25/tiny-stack/crtattiny13a.o

.note.gnu.build-id
 *(.note.gnu.build-id)

.debug
 *(.debug)

.line
 *(.line)

.debug_srcinfo
 *(.debug_srcinfo)

.debug_sfnames
 *(.debug_sfnames)

.debug_aranges  0x0000000000000000       0x20
 *(.debug_aranges)
 .debug_aranges
                0x0000000000000000       0x20 blinkLED.o

.debug_pubnames
 *(.debug_pubnames)

.debug_info     0x0000000000000000      0x429
 *(.debug_info .gnu.linkonce.wi.*)
 .debug_info    0x0000000000000000      0x2dc c:/users/davef/programs/avr8-gnu-toolchain-win32_x86_64/bin/../lib/gcc/avr/7.3.0/../../../../avr/lib/avr25/tiny-stack/crtattiny13a.o
 .debug_info    0x00000000000002dc      0x14d blinkLED.o

.debug_abbrev   0x0000000000000000      0x3a4
 *(.debug_abbrev)
 .debug_abbrev  0x0000000000000000      0x2b6 c:/users/davef/programs/avr8-gnu-toolchain-win32_x86_64/bin/../lib/gcc/avr/7.3.0/../../../../avr/lib/avr25/tiny-stack/crtattiny13a.o
 .debug_abbrev  0x00000000000002b6       0xee blinkLED.o

.debug_line     0x0000000000000000      0x133
 *(.debug_line .debug_line.* .debug_line_end)
 .debug_line    0x0000000000000000       0x1a c:/users/davef/programs/avr8-gnu-toolchain-win32_x86_64/bin/../lib/gcc/avr/7.3.0/../../../../avr/lib/avr25/tiny-stack/crtattiny13a.o
 .debug_line    0x000000000000001a      0x119 blinkLED.o

.debug_frame    0x0000000000000000       0x24
 *(.debug_frame)
 .debug_frame   0x0000000000000000       0x24 blinkLED.o

.debug_str      0x0000000000000000      0x2b0
 *(.debug_str)
 .debug_str     0x0000000000000000      0x100 c:/users/davef/programs/avr8-gnu-toolchain-win32_x86_64/bin/../lib/gcc/avr/7.3.0/../../../../avr/lib/avr25/tiny-stack/crtattiny13a.o
 .debug_str     0x0000000000000100      0x1b0 blinkLED.o
                                        0x1e4 (size before relaxing)

.debug_loc      0x0000000000000000       0x48
 *(.debug_loc)
 .debug_loc     0x0000000000000000       0x48 blinkLED.o

.debug_macinfo
 *(.debug_macinfo)

.debug_weaknames
 *(.debug_weaknames)

.debug_funcnames
 *(.debug_funcnames)

.debug_typenames
 *(.debug_typenames)

.debug_varnames
 *(.debug_varnames)

.debug_pubtypes
 *(.debug_pubtypes)

.debug_ranges   0x0000000000000000       0x10
 *(.debug_ranges)
 .debug_ranges  0x0000000000000000       0x10 blinkLED.o

.debug_macro
 *(.debug_macro)
OUTPUT(blinkLED.elf elf32-avr)
LOAD linker stubs
